<html>
<body>
<pre>
<h1>µVision Build Log</h1>
<h2>Tool Versions:</h2>
IDE-Version: ¦ÌVision V5.34.0.0
Copyright (C) 2021 ARM Ltd and ARM Germany GmbH. All rights reserved.
License Information: mads carroll, jack, LIC=UJWP0-BGW8B-DYUV3-A9T9V-YFS8E-NJIH7
 
Tool Versions:
Toolchain:       MDK-ARM Plus  Version: 5.34.0.0
Toolchain Path:  D:\Program Files\tools\Keil_v5\ARM\ARMCC\Bin
C Compiler:      Armcc.exe V5.06 update 7 (build 960)
Assembler:       Armasm.exe V5.06 update 7 (build 960)
Linker/Locator:  ArmLink.exe V5.06 update 7 (build 960)
Library Manager: ArmAr.exe V5.06 update 7 (build 960)
Hex Converter:   FromElf.exe V5.06 update 7 (build 960)
CPU DLL:         SARMCM3.DLL V5.34.0.0
Dialog DLL:      DCM.DLL V1.17.3.0
Target DLL:      CMSIS_AGDI.dll V1.32.13.0
Dialog DLL:      TCM.DLL V1.48.0.0
 
<h2>Project:</h2>
D:\Program Files\study\github\stm32\STM32F103RCT6\RCT6_UART_TPM-7Air-01\MDK-ARM\RCT6_UART_TPM-7Air-01.uvprojx
Project File Date:  07/21/2021

<h2>Output:</h2>
*** Using Compiler 'V5.06 update 7 (build 960)', folder: 'D:\Program Files\tools\Keil_v5\ARM\ARMCC\Bin'
Rebuild target 'RCT6_UART_TPM-7Air-01'
assembling startup_stm32f103xe.s...
compiling main.c...
../Core/Inc/TPM_7air.h(22): warning:  #1295-D: Deprecated declaration tpm_receive_count - give arg types
  void tpm_receive_count();
../Core/Inc/TPM_7air.h(23): warning:  #1-D: last line of file ends without a newline
  #endif
../Core/Src/main.c(144): warning:  #111-D: statement is unreachable
  	return 0;
../Core/Src/main.c: 3 warnings, 0 errors
compiling oled.c...
compiling gpio.c...
compiling i2c.c...
compiling usart.c...
compiling TPM_7air.c...
../Core/Inc/TPM_7air.h(22): warning:  #1295-D: Deprecated declaration tpm_receive_count - give arg types
  void tpm_receive_count();
../Core/Inc/TPM_7air.h(23): warning:  #1-D: last line of file ends without a newline
  #endif
..\Core\Src\TPM_7air.c: 2 warnings, 0 errors
compiling stm32f1xx_it.c...
compiling stm32f1xx_hal_gpio_ex.c...
compiling stm32f1xx_hal_msp.c...
compiling stm32f1xx_hal_rcc.c...
compiling stm32f1xx_hal_i2c.c...
compiling stm32f1xx_hal.c...
compiling stm32f1xx_hal_rcc_ex.c...
compiling stm32f1xx_hal_gpio.c...
compiling stm32f1xx_hal_cortex.c...
compiling stm32f1xx_hal_pwr.c...
compiling stm32f1xx_hal_flash.c...
compiling stm32f1xx_hal_dma.c...
compiling stm32f1xx_hal_exti.c...
compiling stm32f1xx_hal_flash_ex.c...
compiling stm32f1xx_hal_tim.c...
compiling stm32f1xx_hal_tim_ex.c...
compiling system_stm32f1xx.c...
compiling stm32f1xx_hal_uart.c...
linking...
Program Size: Code=6208 RO-data=2736 RW-data=48 ZI-data=1248  
FromELF: creating hex file...
"RCT6_UART_TPM-7Air-01\RCT6_UART_TPM-7Air-01.axf" - 0 Error(s), 5 Warning(s).

<h2>Software Packages used:</h2>

Package Vendor: ARM
                http://www.keil.com/pack/ARM.CMSIS.5.7.0.pack
                ARM.CMSIS.5.7.0
                CMSIS (Cortex Microcontroller Software Interface Standard)
   * Component: CORE Version: 5.4.0

Package Vendor: Keil
                http://www.keil.com/pack/Keil.STM32F1xx_DFP.1.1.0.pack
                Keil.STM32F1xx_DFP.1.1.0
                STMicroelectronics STM32F1 Series Device Support, Drivers and Examples

<h2>Collection of Component include folders:</h2>
  .\RTE\_RCT6_UART_TPM-7Air-01
  D:\Program Files\tools\Arm\Packs\ARM\CMSIS\5.7.0\CMSIS\Core\Include
  D:\Program Files\tools\Arm\Packs\Keil\STM32F1xx_DFP\1.1.0\Device\Include

<h2>Collection of Component Files used:</h2>

   * Component: ARM::CMSIS:CORE:5.4.0
      Include file:  CMSIS\Core\Include\tz_context.h
Build Time Elapsed:  00:00:17
</pre>
</body>
</html>
